// Jest Snapshot v1, https://goo.gl/fbAQLP

exports[`<Balance /> renders without crashing 1`] = `
<div
  className="-is-logged-in"
>
  <div
    className="financials u-p3"
  >
    <p
      className="title is-1"
    >
      0.00
    </p>
    <p
      className="full_balance is-6"
    >
      0
    </p>
  </div>
</div>
`;
