// Jest Snapshot v1, https://goo.gl/fbAQLP

exports[`<Footer /> renders without crashing 1`] = `
<footer
  className="Nav row no-gutters items-center justify-content-center"
>
  <div
    className="col-md-6 text-center text-md-left"
  >
    <small>
      Copyright 2017 | All Rights Reserved
    </small>
  </div>
  <div
    className="col-md-6 text-center text-md-right"
  >
    <a
      href="/privacy"
      onClick={[Function]}
    >
      Privacy Policy
    </a>
    <span>
       | 
    </span>
    <a
      href="/terms"
      onClick={[Function]}
    >
      Terms of Service
    </a>
  </div>
</footer>
`;
