// Jest Snapshot v1, https://goo.gl/fbAQLP

exports[`<Header /> renders without crashing 1`] = `
<header
  className="header no-gutters p-0 p-md-3"
>
  <div
    className="d-flex justify-content-start items-center"
  >
    <div
      className="mobile-nav mr-2 hidden-md-up"
      onClick={undefined}
      role="button"
      tabIndex={0}
    >
      <span
        className="icon-eos_icons_menu"
      />
    </div>
    <a
      href="/"
      onClick={[Function]}
    >
      <img
        alt=""
        className="logo"
        src="/images/logo.svg"
      />
    </a>
  </div>
</header>
`;
