// Jest Snapshot v1, https://goo.gl/fbAQLP

exports[`<EmailContainer /> renders without crashing 1`] = `
<form
  onSubmit={[Function]}
>
  <div
    className="field"
  >
    <label
      className="label"
      htmlFor="email"
    >
      Next enter your email
    </label>
    <div
      className="control "
    >
      <input
        aria-describedby="email"
        className="input"
        id="email"
        name="email"
        onBlur={[Function]}
        onChange={[Function]}
        onDragStart={[Function]}
        onDrop={[Function]}
        onFocus={[Function]}
        required={true}
        type="email"
        value=""
      />
    </div>
  </div>
  <div
    className="field"
  >
    <div
      className="control"
    >
      <button
        className="button button is-large is-primary"
      >
        <span>
          Continue
        </span>
      </button>
    </div>
  </div>
</form>
`;
