// Jest Snapshot v1, https://goo.gl/fbAQLP

exports[`<Shortcuts /> renders without crashing 1`] = `
<ul
  className="menu-list"
>
  <li>
    <ul
      className="menu-list -is-logged-in"
    >
      <li>
        <a
          aria-current="true"
          className="active"
          href="/"
          onClick={[Function]}
          style={Object {}}
        >
          <span
            className="icon-transfer u-mr1"
          />
          Transfer
        </a>
      </li>
      <li>
        <a
          aria-current={false}
          className={undefined}
          href="/transactions"
          onClick={[Function]}
          style={undefined}
        >
          <span
            className="icon-history u-mr1"
          />
          Transaction History
        </a>
      </li>
      <li>
        <a
          aria-current={false}
          className={undefined}
          href="/permissions"
          onClick={[Function]}
          style={undefined}
        >
          <span
            className="icon-permissions u-mr1"
          />
          Permissions
        </a>
      </li>
      <li>
        <a
          aria-current={false}
          className={undefined}
          href="/logout"
          onClick={[Function]}
          style={undefined}
        >
          <span
            className="icon-logout u-mr1"
          />
          Logout
        </a>
      </li>
    </ul>
  </li>
  <li>
    <a
      aria-current={false}
      className={undefined}
      href="/users"
      onClick={[Function]}
      style={undefined}
    >
      <span
        className={undefined}
      />
      Users
    </a>
  </li>
  <li>
    <a
      aria-current={false}
      className={undefined}
      href="/about"
      onClick={[Function]}
      style={undefined}
    >
      <span
        className={undefined}
      />
      About
    </a>
  </li>
  <li>
    <a
      aria-current={false}
      className={undefined}
      href="/faq"
      onClick={[Function]}
      style={undefined}
    >
      <span
        className={undefined}
      />
      FAQ
    </a>
  </li>
</ul>
`;
